// Jest Snapshot v1, https://goo.gl/fbAQLP

exports[`<Alert /> does not render an error or a success message if the message props is empty 1`] = `<DocumentFragment />`;
